/Users/jheinnic/Git/lb_express_sandbox/python/classifier/samples/A/cell01-gray_0x3.png
/Users/jheinnic/Git/lb_express_sandbox/python/classifier/samples/A/cell01-gray_2x10.png
/Users/jheinnic/Git/lb_express_sandbox/python/classifier/samples/A/cell01-gray_2x2.png
/Users/jheinnic/Git/lb_express_sandbox/python/classifier/samples/A/cell01-gray_3x9.png
/Users/jheinnic/Git/lb_express_sandbox/python/classifier/samples/A/cell01-gray_5x2.png
/Users/jheinnic/Git/lb_express_sandbox/python/classifier/samples/A/cell01-gray_9x0.png
/Users/jheinnic/Git/lb_express_sandbox/python/classifier/samples/A/cell01-gray_9x3.png
/Users/jheinnic/Git/lb_express_sandbox/python/classifier/samples/A/cell02-gray_10x2.png
/Users/jheinnic/Git/lb_express_sandbox/python/classifier/samples/A/cell02-gray_10x8.png
/Users/jheinnic/Git/lb_express_sandbox/python/classifier/samples/A/cell02-gray_2x4.png
/Users/jheinnic/Git/lb_express_sandbox/python/classifier/samples/A/cell02-gray_3x2.png
/Users/jheinnic/Git/lb_express_sandbox/python/classifier/samples/A/cell02-gray_4x8.png
/Users/jheinnic/Git/lb_express_sandbox/python/classifier/samples/A/cell02-gray_5x6.png
/Users/jheinnic/Git/lb_express_sandbox/python/classifier/samples/A/cell02-gray_6x3.png
/Users/jheinnic/Git/lb_express_sandbox/python/classifier/samples/A/cell02-gray_7x1.png
/Users/jheinnic/Git/lb_express_sandbox/python/classifier/samples/A/cell02-gray_7x5.png
/Users/jheinnic/Git/lb_express_sandbox/python/classifier/samples/A/cell02-gray_9x5.png
/Users/jheinnic/Git/lb_express_sandbox/python/classifier/samples/A/cell03-gray_0x8.png
/Users/jheinnic/Git/lb_express_sandbox/python/classifier/samples/A/cell03-gray_10x2.png
/Users/jheinnic/Git/lb_express_sandbox/python/classifier/samples/A/cell03-gray_10x8.png
/Users/jheinnic/Git/lb_express_sandbox/python/classifier/samples/A/cell03-gray_2x4.png
/Users/jheinnic/Git/lb_express_sandbox/python/classifier/samples/A/cell03-gray_2x6.png
/Users/jheinnic/Git/lb_express_sandbox/python/classifier/samples/A/cell03-gray_4x4.png
/Users/jheinnic/Git/lb_express_sandbox/python/classifier/samples/A/cell03-gray_5x5.png
/Users/jheinnic/Git/lb_express_sandbox/python/classifier/samples/A/cell03-gray_5x8.png
/Users/jheinnic/Git/lb_express_sandbox/python/classifier/samples/A/cell03-gray_7x4.png
/Users/jheinnic/Git/lb_express_sandbox/python/classifier/samples/A/cell03-gray_8x0.png
/Users/jheinnic/Git/lb_express_sandbox/python/classifier/samples/A/cell04-gray_0x8.png
/Users/jheinnic/Git/lb_express_sandbox/python/classifier/samples/A/cell04-gray_5x2.png
/Users/jheinnic/Git/lb_express_sandbox/python/classifier/samples/A/cell04-gray_6x8.png
/Users/jheinnic/Git/lb_express_sandbox/python/classifier/samples/A/cell04-gray_7x2.png
/Users/jheinnic/Git/lb_express_sandbox/python/classifier/samples/A/cell04-gray_7x4.png
/Users/jheinnic/Git/lb_express_sandbox/python/classifier/samples/A/cell04-gray_8x5.png
/Users/jheinnic/Git/lb_express_sandbox/python/classifier/samples/A/cell04-gray_9x9.png
