/Users/jheinnic/Git/lb_express_sandbox/python/classifier/samples/background/cell01-gray_0x3.tif
/Users/jheinnic/Git/lb_express_sandbox/python/classifier/samples/background/cell01-gray_7x1.tif
/Users/jheinnic/Git/lb_express_sandbox/python/classifier/samples/background/cell02-gray_10x2.tif
/Users/jheinnic/Git/lb_express_sandbox/python/classifier/samples/background/cell02-gray_1x10.tif
/Users/jheinnic/Git/lb_express_sandbox/python/classifier/samples/background/cell02-gray_2x10.tif
/Users/jheinnic/Git/lb_express_sandbox/python/classifier/samples/background/cell02-gray_2x4.tif
/Users/jheinnic/Git/lb_express_sandbox/python/classifier/samples/background/cell02-gray_5x10.tif
/Users/jheinnic/Git/lb_express_sandbox/python/classifier/samples/background/cell02-gray_5x9.tif
/Users/jheinnic/Git/lb_express_sandbox/python/classifier/samples/background/cell02-gray_9x5.tif
/Users/jheinnic/Git/lb_express_sandbox/python/classifier/samples/background/cell03-gray_0x8.tif
/Users/jheinnic/Git/lb_express_sandbox/python/classifier/samples/background/cell03-gray_10x10.tif
/Users/jheinnic/Git/lb_express_sandbox/python/classifier/samples/background/cell03-gray_10x3.tif
/Users/jheinnic/Git/lb_express_sandbox/python/classifier/samples/background/cell03-gray_10x8.tif
/Users/jheinnic/Git/lb_express_sandbox/python/classifier/samples/background/cell03-gray_1x2.tif
/Users/jheinnic/Git/lb_express_sandbox/python/classifier/samples/background/cell03-gray_2x0.tif
/Users/jheinnic/Git/lb_express_sandbox/python/classifier/samples/background/cell03-gray_5x5.tif
/Users/jheinnic/Git/lb_express_sandbox/python/classifier/samples/background/cell03-gray_6x9.tif
/Users/jheinnic/Git/lb_express_sandbox/python/classifier/samples/background/cell03-gray_7x7.tif
/Users/jheinnic/Git/lb_express_sandbox/python/classifier/samples/background/cell03-gray_8x4.tif
/Users/jheinnic/Git/lb_express_sandbox/python/classifier/samples/background/cell03-gray_9x2.tif
/Users/jheinnic/Git/lb_express_sandbox/python/classifier/samples/background/cell04-gray_1x6.tif
/Users/jheinnic/Git/lb_express_sandbox/python/classifier/samples/background/cell04-gray_3x4.tif
/Users/jheinnic/Git/lb_express_sandbox/python/classifier/samples/background/cell04-gray_7x0.tif
/Users/jheinnic/Git/lb_express_sandbox/python/classifier/samples/background/cell04-gray_7x10.tif
/Users/jheinnic/Git/lb_express_sandbox/python/classifier/samples/background/cell04-gray_7x4.tif
/Users/jheinnic/Git/lb_express_sandbox/python/classifier/samples/background/cell04-gray_8x6.tif
/Users/jheinnic/Git/lb_express_sandbox/python/classifier/samples/background/cell04-gray_9x9.tif
