/Users/jheinnic/Git/lb_express_sandbox/python/classifier/samples/D/cell01-gray_5x0.png
/Users/jheinnic/Git/lb_express_sandbox/python/classifier/samples/D/cell01-gray_7x3.png
/Users/jheinnic/Git/lb_express_sandbox/python/classifier/samples/D/cell01-gray_8x8.png
/Users/jheinnic/Git/lb_express_sandbox/python/classifier/samples/D/cell02-gray_1x9.png
/Users/jheinnic/Git/lb_express_sandbox/python/classifier/samples/D/cell02-gray_8x8.png
/Users/jheinnic/Git/lb_express_sandbox/python/classifier/samples/D/cell03-gray_10x10.png
/Users/jheinnic/Git/lb_express_sandbox/python/classifier/samples/D/cell03-gray_10x3.png
/Users/jheinnic/Git/lb_express_sandbox/python/classifier/samples/D/cell03-gray_1x2.png
/Users/jheinnic/Git/lb_express_sandbox/python/classifier/samples/D/cell03-gray_2x7.png
/Users/jheinnic/Git/lb_express_sandbox/python/classifier/samples/D/cell03-gray_3x8.png
/Users/jheinnic/Git/lb_express_sandbox/python/classifier/samples/D/cell03-gray_6x7.png
/Users/jheinnic/Git/lb_express_sandbox/python/classifier/samples/D/cell03-gray_9x2.png
/Users/jheinnic/Git/lb_express_sandbox/python/classifier/samples/D/cell04-gray_1x4.png
/Users/jheinnic/Git/lb_express_sandbox/python/classifier/samples/D/cell04-gray_7x10.png
/Users/jheinnic/Git/lb_express_sandbox/python/classifier/samples/D/cell04-gray_8x6.png
