/Users/jheinnic/Git/lb_express_sandbox/python/classifier/samples/E/cell01-gray_10x10.png1 0 0 73 75
/Users/jheinnic/Git/lb_express_sandbox/python/classifier/samples/E/cell01-gray_10x8.png1 0 0 73 75
/Users/jheinnic/Git/lb_express_sandbox/python/classifier/samples/E/cell01-gray_1x9.png1 0 0 73 75
/Users/jheinnic/Git/lb_express_sandbox/python/classifier/samples/E/cell01-gray_4x2.png1 0 0 73 75
/Users/jheinnic/Git/lb_express_sandbox/python/classifier/samples/E/cell01-gray_5x4.png1 0 0 73 75
/Users/jheinnic/Git/lb_express_sandbox/python/classifier/samples/E/cell01-gray_5x6.png1 0 0 73 75
/Users/jheinnic/Git/lb_express_sandbox/python/classifier/samples/E/cell01-gray_5x8.png1 0 0 73 75
/Users/jheinnic/Git/lb_express_sandbox/python/classifier/samples/E/cell01-gray_6x10.png1 0 0 73 75
/Users/jheinnic/Git/lb_express_sandbox/python/classifier/samples/E/cell01-gray_8x3.png1 0 0 73 75
/Users/jheinnic/Git/lb_express_sandbox/python/classifier/samples/E/cell02-gray_10x7.png1 0 0 73 75
/Users/jheinnic/Git/lb_express_sandbox/python/classifier/samples/E/cell02-gray_2x1.png1 0 0 73 75
/Users/jheinnic/Git/lb_express_sandbox/python/classifier/samples/E/cell02-gray_5x0.png1 0 0 73 75
/Users/jheinnic/Git/lb_express_sandbox/python/classifier/samples/E/cell02-gray_9x10.png1 0 0 73 75
/Users/jheinnic/Git/lb_express_sandbox/python/classifier/samples/E/cell02-gray_9x4.png1 0 0 73 75
/Users/jheinnic/Git/lb_express_sandbox/python/classifier/samples/E/cell02-gray_9x8.png1 0 0 73 75
/Users/jheinnic/Git/lb_express_sandbox/python/classifier/samples/E/cell03-gray_0x10.png1 0 0 73 75
/Users/jheinnic/Git/lb_express_sandbox/python/classifier/samples/E/cell03-gray_10x0.png1 0 0 73 75
/Users/jheinnic/Git/lb_express_sandbox/python/classifier/samples/E/cell03-gray_10x4.png1 0 0 73 75
/Users/jheinnic/Git/lb_express_sandbox/python/classifier/samples/E/cell03-gray_1x6.png1 0 0 73 75
/Users/jheinnic/Git/lb_express_sandbox/python/classifier/samples/E/cell03-gray_2x10.png1 0 0 73 75
/Users/jheinnic/Git/lb_express_sandbox/python/classifier/samples/E/cell03-gray_4x6.png1 0 0 73 75
/Users/jheinnic/Git/lb_express_sandbox/python/classifier/samples/E/cell03-gray_4x8.png1 0 0 73 75
/Users/jheinnic/Git/lb_express_sandbox/python/classifier/samples/E/cell03-gray_5x2.png1 0 0 73 75
/Users/jheinnic/Git/lb_express_sandbox/python/classifier/samples/E/cell03-gray_7x7.png1 0 0 73 75
/Users/jheinnic/Git/lb_express_sandbox/python/classifier/samples/E/cell04-gray_0x7.png1 0 0 73 75
/Users/jheinnic/Git/lb_express_sandbox/python/classifier/samples/E/cell04-gray_10x4.png1 0 0 73 75
/Users/jheinnic/Git/lb_express_sandbox/python/classifier/samples/E/cell04-gray_10x7.png1 0 0 73 75
/Users/jheinnic/Git/lb_express_sandbox/python/classifier/samples/E/cell04-gray_1x3.png1 0 0 73 75
/Users/jheinnic/Git/lb_express_sandbox/python/classifier/samples/E/cell04-gray_1x6.png1 0 0 73 75
/Users/jheinnic/Git/lb_express_sandbox/python/classifier/samples/E/cell04-gray_3x10.png1 0 0 73 75
/Users/jheinnic/Git/lb_express_sandbox/python/classifier/samples/E/cell04-gray_3x8.png1 0 0 73 75
/Users/jheinnic/Git/lb_express_sandbox/python/classifier/samples/E/cell04-gray_5x8.png1 0 0 73 75
/Users/jheinnic/Git/lb_express_sandbox/python/classifier/samples/E/cell04-gray_6x6.png1 0 0 73 75
/Users/jheinnic/Git/lb_express_sandbox/python/classifier/samples/E/cell04-gray_7x9.png1 0 0 73 75
/Users/jheinnic/Git/lb_express_sandbox/python/classifier/samples/E/cell04-gray_8x1.png1 0 0 73 75
/Users/jheinnic/Git/lb_express_sandbox/python/classifier/samples/E/cell04-gray_8x7.png1 0 0 73 75
/Users/jheinnic/Git/lb_express_sandbox/python/classifier/samples/E/cell04-gray_9x8.png1 0 0 73 75
