/Users/jheinnic/Git/lb_express_sandbox/python/classifier/samples/I/cell01-gray_1x0.png1 0 0 73 75
/Users/jheinnic/Git/lb_express_sandbox/python/classifier/samples/I/cell01-gray_1x4.png1 0 0 73 75
/Users/jheinnic/Git/lb_express_sandbox/python/classifier/samples/I/cell01-gray_2x5.png1 0 0 73 75
/Users/jheinnic/Git/lb_express_sandbox/python/classifier/samples/I/cell01-gray_4x0.png1 0 0 73 75
/Users/jheinnic/Git/lb_express_sandbox/python/classifier/samples/I/cell01-gray_4x8.png1 0 0 73 75
/Users/jheinnic/Git/lb_express_sandbox/python/classifier/samples/I/cell01-gray_6x3.png1 0 0 73 75
/Users/jheinnic/Git/lb_express_sandbox/python/classifier/samples/I/cell01-gray_7x4.png1 0 0 73 75
/Users/jheinnic/Git/lb_express_sandbox/python/classifier/samples/I/cell01-gray_7x6.png1 0 0 73 75
/Users/jheinnic/Git/lb_express_sandbox/python/classifier/samples/I/cell01-gray_7x8.png1 0 0 73 75
/Users/jheinnic/Git/lb_express_sandbox/python/classifier/samples/I/cell02-gray_0x0.png1 0 0 73 75
/Users/jheinnic/Git/lb_express_sandbox/python/classifier/samples/I/cell02-gray_4x2.png1 0 0 73 75
/Users/jheinnic/Git/lb_express_sandbox/python/classifier/samples/I/cell02-gray_7x8.png1 0 0 73 75
/Users/jheinnic/Git/lb_express_sandbox/python/classifier/samples/I/cell02-gray_8x2.png1 0 0 73 75
/Users/jheinnic/Git/lb_express_sandbox/python/classifier/samples/I/cell03-gray_2x8.png1 0 0 73 75
/Users/jheinnic/Git/lb_express_sandbox/python/classifier/samples/I/cell03-gray_5x4.png1 0 0 73 75
/Users/jheinnic/Git/lb_express_sandbox/python/classifier/samples/I/cell03-gray_7x9.png1 0 0 73 75
/Users/jheinnic/Git/lb_express_sandbox/python/classifier/samples/I/cell03-gray_9x10.png1 0 0 73 75
/Users/jheinnic/Git/lb_express_sandbox/python/classifier/samples/I/cell03-gray_9x5.png1 0 0 73 75
/Users/jheinnic/Git/lb_express_sandbox/python/classifier/samples/I/cell04-gray_1x0.png1 0 0 73 75
/Users/jheinnic/Git/lb_express_sandbox/python/classifier/samples/I/cell04-gray_2x1.png1 0 0 73 75
/Users/jheinnic/Git/lb_express_sandbox/python/classifier/samples/I/cell04-gray_8x10.png1 0 0 73 75
/Users/jheinnic/Git/lb_express_sandbox/python/classifier/samples/I/cell04-gray_9x0.png1 0 0 73 75
