../samples/A/cell01-gray_0x3.png
../samples/A/cell01-gray_2x10.png
../samples/A/cell01-gray_2x2.png
../samples/A/cell01-gray_3x9.png
../samples/A/cell01-gray_5x2.png
../samples/A/cell01-gray_9x0.png
../samples/A/cell01-gray_9x3.png
../samples/A/cell02-gray_10x2.png
../samples/A/cell02-gray_10x8.png
../samples/A/cell02-gray_2x4.png
../samples/A/cell02-gray_3x2.png
../samples/A/cell02-gray_4x8.png
../samples/A/cell02-gray_5x6.png
../samples/A/cell02-gray_6x3.png
../samples/A/cell02-gray_7x1.png
../samples/A/cell02-gray_7x5.png
../samples/A/cell02-gray_9x5.png
../samples/A/cell03-gray_0x8.png
../samples/A/cell03-gray_10x2.png
../samples/A/cell03-gray_10x8.png
../samples/A/cell03-gray_2x4.png
../samples/A/cell03-gray_2x6.png
../samples/A/cell03-gray_4x4.png
../samples/A/cell03-gray_5x5.png
../samples/A/cell03-gray_5x8.png
../samples/A/cell03-gray_7x4.png
../samples/A/cell03-gray_8x0.png
../samples/A/cell04-gray_0x8.png
../samples/A/cell04-gray_5x2.png
../samples/A/cell04-gray_6x8.png
../samples/A/cell04-gray_7x2.png
../samples/A/cell04-gray_7x4.png
../samples/A/cell04-gray_8x5.png
../samples/A/cell04-gray_9x9.png
../samples/A/cell05-gray_0x2.png
../samples/A/cell05-gray_10x1.png
../samples/A/cell05-gray_2x5.png
../samples/A/cell05-gray_6x10.png
../samples/A/cell05-gray_7x9.png
../samples/A/cell05-gray_8x6.png
../samples/A/cell06-gray_10x8.png
../samples/A/cell06-gray_1x6.png
../samples/A/cell06-gray_4x6.png
../samples/A/cell06-gray_5x1.png
../samples/A/cell06-gray_8x9.png
../samples/A/cell06-gray_9x10.png
../samples/A/cell07-gray_0x3.png
../samples/A/cell07-gray_1x10.png
../samples/A/cell07-gray_2x7.png
../samples/A/cell07-gray_2x9.png
../samples/A/cell07-gray_6x10.png
../samples/A/cell07-gray_6x8.png
../samples/A/cell07-gray_9x1.png
../samples/A/cell08-gray_0x8.png
../samples/A/cell08-gray_1x10.png
../samples/A/cell08-gray_1x4.png
../samples/A/cell08-gray_2x1.png
../samples/A/cell08-gray_2x3.png
../samples/A/cell08-gray_5x2.png
../samples/A/cell08-gray_5x5.png
../samples/A/cell08-gray_8x2.png
../samples/A/cell08-gray_8x5.png
../samples/A/cell08-gray_9x9.png
../samples/B/cell01-gray_0x7.png
../samples/B/cell03-gray_2x0.png
../samples/B/cell03-gray_7x5.png
../samples/B/cell03-gray_8x4.png
../samples/B/cell04-gray_3x4.png
../samples/B/cell05-gray_0x7.png
../samples/B/cell05-gray_3x8.png
../samples/B/cell06-gray_0x0.png
../samples/B/cell08-gray_5x8.png
../samples/B/cell08-gray_9x10.png
../samples/Blocked/cell02-gray_0x5.png
../samples/Blocked/cell02-gray_0x6.png
../samples/Blocked/cell02-gray_0x8.png
../samples/Blocked/cell02-gray_0x9.png
../samples/Blocked/cell02-gray_10x4.png
../samples/Blocked/cell02-gray_10x5.png
../samples/Blocked/cell02-gray_1x1.png
../samples/Blocked/cell02-gray_1x2.png
../samples/Blocked/cell02-gray_1x3.png
../samples/Blocked/cell02-gray_1x5.png
../samples/Blocked/cell02-gray_1x6.png
../samples/Blocked/cell02-gray_2x8.png
../samples/Blocked/cell02-gray_2x9.png
../samples/Blocked/cell02-gray_3x1.png
../samples/Blocked/cell02-gray_3x3.png
../samples/Blocked/cell02-gray_3x5.png
../samples/Blocked/cell02-gray_3x7.png
../samples/Blocked/cell02-gray_4x1.png
../samples/Blocked/cell02-gray_4x10.png
../samples/Blocked/cell02-gray_4x3.png
../samples/Blocked/cell02-gray_4x5.png
../samples/Blocked/cell02-gray_4x7.png
../samples/Blocked/cell02-gray_4x9.png
../samples/Blocked/cell02-gray_5x1.png
../samples/Blocked/cell02-gray_5x3.png
../samples/Blocked/cell02-gray_6x0.png
../samples/Blocked/cell02-gray_6x2.png
../samples/Blocked/cell02-gray_6x4.png
../samples/Blocked/cell02-gray_6x5.png
../samples/Blocked/cell02-gray_6x7.png
../samples/Blocked/cell02-gray_6x8.png
../samples/Blocked/cell02-gray_6x9.png
../samples/Blocked/cell02-gray_7x0.png
../samples/Blocked/cell02-gray_7x2.png
../samples/Blocked/cell02-gray_8x4.png
../samples/Blocked/cell02-gray_8x5.png
../samples/Blocked/cell02-gray_8x7.png
../samples/Blocked/cell02-gray_8x9.png
../samples/Blocked/cell02-gray_9x1.png
../samples/Blocked/cell02-gray_9x2.png
../samples/Blocked/cell02-gray_9x7.png
../samples/Blocked/cell02-gray_9x9.png
../samples/Blocked/cell03-gray_0x1.png
../samples/Blocked/cell03-gray_0x2.png
../samples/Blocked/cell03-gray_0x4.png
../samples/Blocked/cell03-gray_0x5.png
../samples/Blocked/cell03-gray_10x5.png
../samples/Blocked/cell03-gray_10x6.png
../samples/Blocked/cell03-gray_1x4.png
../samples/Blocked/cell03-gray_1x5.png
../samples/Blocked/cell03-gray_1x7.png
../samples/Blocked/cell03-gray_1x8.png
../samples/Blocked/cell03-gray_1x9.png
../samples/Blocked/cell03-gray_2x1.png
../samples/Blocked/cell03-gray_2x2.png
../samples/Blocked/cell03-gray_3x3.png
../samples/Blocked/cell03-gray_3x5.png
../samples/Blocked/cell03-gray_3x7.png
../samples/Blocked/cell03-gray_3x9.png
../samples/Blocked/cell03-gray_4x0.png
../samples/Blocked/cell03-gray_4x1.png
../samples/Blocked/cell03-gray_4x3.png
../samples/Blocked/cell03-gray_4x7.png
../samples/Blocked/cell03-gray_4x9.png
../samples/Blocked/cell03-gray_5x9.png
../samples/Blocked/cell03-gray_6x1.png
../samples/Blocked/cell03-gray_6x10.png
../samples/Blocked/cell03-gray_6x2.png
../samples/Blocked/cell03-gray_6x3.png
../samples/Blocked/cell03-gray_6x5.png
../samples/Blocked/cell03-gray_6x6.png
../samples/Blocked/cell03-gray_6x8.png
../samples/Blocked/cell03-gray_7x10.png
../samples/Blocked/cell03-gray_7x8.png
../samples/Blocked/cell03-gray_8x1.png
../samples/Blocked/cell03-gray_8x3.png
../samples/Blocked/cell03-gray_8x5.png
../samples/Blocked/cell03-gray_8x6.png
../samples/Blocked/cell03-gray_9x1.png
../samples/Blocked/cell03-gray_9x3.png
../samples/Blocked/cell03-gray_9x8.png
../samples/Blocked/cell03-gray_9x9.png
../samples/Blocked/cell03-thresh24_8x6.png
../samples/Blocked/cell04-gray_0x4.png
../samples/Blocked/cell04-gray_0x5.png
../samples/Blocked/cell04-gray_10x6.png
../samples/Blocked/cell04-gray_10x8.png
../samples/Blocked/cell04-gray_10x9.png
../samples/Blocked/cell04-gray_1x1.png
../samples/Blocked/cell04-gray_1x2.png
../samples/Blocked/cell04-gray_1x7.png
../samples/Blocked/cell04-gray_1x9.png
../samples/Blocked/cell04-gray_2x4.png
../samples/Blocked/cell04-gray_2x5.png
../samples/Blocked/cell04-gray_2x7.png
../samples/Blocked/cell04-gray_2x9.png
../samples/Blocked/cell04-gray_3x0.png
../samples/Blocked/cell04-gray_3x2.png
../samples/Blocked/cell04-gray_4x0.png
../samples/Blocked/cell04-gray_4x2.png
../samples/Blocked/cell04-gray_4x4.png
../samples/Blocked/cell04-gray_4x5.png
../samples/Blocked/cell04-gray_4x7.png
../samples/Blocked/cell04-gray_4x8.png
../samples/Blocked/cell04-gray_4x9.png
../samples/Blocked/cell04-gray_5x0.png
../samples/Blocked/cell04-gray_5x1.png
../samples/Blocked/cell04-gray_5x3.png
../samples/Blocked/cell04-gray_6x1.png
../samples/Blocked/cell04-gray_6x10.png
../samples/Blocked/cell04-gray_6x3.png
../samples/Blocked/cell04-gray_6x5.png
../samples/Blocked/cell04-gray_6x7.png
../samples/Blocked/cell04-gray_6x9.png
../samples/Blocked/cell04-gray_7x1.png
../samples/Blocked/cell04-gray_7x3.png
../samples/Blocked/cell04-gray_7x5.png
../samples/Blocked/cell04-gray_7x7.png
../samples/Blocked/cell04-gray_9x2.png
../samples/Blocked/cell04-gray_9x3.png
../samples/Blocked/cell04-gray_9x5.png
../samples/Blocked/cell04-gray_9x6.png
../samples/Blocked/cell08-gray_9x5.png
../samples/C/cell01-gray_0x2.png
../samples/C/cell01-gray_9x5.png
../samples/C/cell02-gray_6x6.png
../samples/C/cell03-gray_5x3.png
../samples/C/cell04-gray_0x9.png
../samples/C/cell04-gray_10x0.png
../samples/C/cell04-gray_1x8.png
../samples/C/cell04-gray_2x6.png
../samples/C/cell04-gray_5x4.png
../samples/C/cell05-gray_2x0.png
../samples/C/cell05-gray_5x0.png
../samples/C/cell05-gray_7x7.png
../samples/C/cell06-gray_2x10.png
../samples/C/cell06-gray_2x4.png
../samples/C/cell06-gray_7x4.png
../samples/C/cell07-gray_1x2.png
../samples/C/cell07-gray_2x0.png
../samples/C/cell07-gray_3x1.png
../samples/C/cell07-gray_3x7.png
../samples/C/cell08-gray_1x5.png
../samples/C/cell08-gray_4x6.png
../samples/D/cell01-gray_5x0.png
../samples/D/cell01-gray_7x3.png
../samples/D/cell01-gray_8x8.png
../samples/D/cell02-gray_1x9.png
../samples/D/cell02-gray_8x8.png
../samples/D/cell03-gray_10x10.png
../samples/D/cell03-gray_10x3.png
../samples/D/cell03-gray_1x2.png
../samples/D/cell03-gray_2x7.png
../samples/D/cell03-gray_3x8.png
../samples/D/cell03-gray_6x7.png
../samples/D/cell03-gray_9x2.png
../samples/D/cell04-gray_1x4.png
../samples/D/cell04-gray_7x10.png
../samples/D/cell04-gray_8x6.png
../samples/D/cell05-gray_8x8.png
../samples/D/cell06-gray_3x2.png
../samples/D/cell06-gray_5x10.png
../samples/D/cell07-gray_0x0.png
../samples/D/cell07-gray_10x3.png
../samples/D/cell08-gray_0x0.png
../samples/D/cell08-gray_0x6.png
../samples/D/cell08-gray_10x0.png
../samples/D/cell08-gray_7x8.png
../samples/E/cell01-gray_10x10.png
../samples/E/cell01-gray_10x8.png
../samples/E/cell01-gray_1x9.png
../samples/E/cell01-gray_4x2.png
../samples/E/cell01-gray_5x4.png
../samples/E/cell01-gray_5x6.png
../samples/E/cell01-gray_5x8.png
../samples/E/cell01-gray_6x10.png
../samples/E/cell01-gray_8x3.png
../samples/E/cell02-gray_10x7.png
../samples/E/cell02-gray_2x1.png
../samples/E/cell02-gray_5x0.png
../samples/E/cell02-gray_9x10.png
../samples/E/cell02-gray_9x4.png
../samples/E/cell02-gray_9x8.png
../samples/E/cell03-gray_0x10.png
../samples/E/cell03-gray_10x0.png
../samples/E/cell03-gray_10x4.png
../samples/E/cell03-gray_1x6.png
../samples/E/cell03-gray_2x10.png
../samples/E/cell03-gray_4x6.png
../samples/E/cell03-gray_4x8.png
../samples/E/cell03-gray_5x2.png
../samples/E/cell03-gray_7x7.png
../samples/E/cell04-gray_0x7.png
../samples/E/cell04-gray_10x4.png
../samples/E/cell04-gray_10x7.png
../samples/E/cell04-gray_1x3.png
../samples/E/cell04-gray_1x6.png
../samples/E/cell04-gray_3x10.png
../samples/E/cell04-gray_3x8.png
../samples/E/cell04-gray_5x8.png
../samples/E/cell04-gray_6x6.png
../samples/E/cell04-gray_7x9.png
../samples/E/cell04-gray_8x1.png
../samples/E/cell04-gray_8x7.png
../samples/E/cell04-gray_9x8.png
../samples/E/cell05-gray_10x3.png
../samples/E/cell05-gray_10x6.png
../samples/E/cell05-gray_10x8.png
../samples/E/cell05-gray_3x6.png
../samples/E/cell05-gray_8x10.png
../samples/E/cell05-gray_9x0.png
../samples/E/cell06-gray_0x3.png
../samples/E/cell06-gray_0x7.png
../samples/E/cell06-gray_10x3.png
../samples/E/cell06-gray_2x3.png
../samples/E/cell06-gray_3x8.png
../samples/E/cell06-gray_5x5.png
../samples/E/cell06-gray_6x0.png
../samples/E/cell06-gray_7x5.png
../samples/E/cell06-gray_7x9.png
../samples/E/cell06-gray_8x2.png
../samples/E/cell06-gray_9x7.png
../samples/E/cell07-gray_0x2.png
../samples/E/cell07-gray_10x7.png
../samples/E/cell07-gray_10x9.png
../samples/E/cell07-gray_1x0.png
../samples/E/cell07-gray_1x6.png
../samples/E/cell07-gray_3x0.png
../samples/E/cell07-gray_8x4.png
../samples/E/cell07-gray_9x10.png
../samples/E/cell07-gray_9x3.png
../samples/E/cell08-gray_0x1.png
../samples/E/cell08-gray_10x1.png
../samples/E/cell08-gray_10x10.png
../samples/E/cell08-gray_10x4.png
../samples/E/cell08-gray_10x5.png
../samples/E/cell08-gray_1x6.png
../samples/E/cell08-gray_3x9.png
../samples/E/cell08-gray_6x4.png
../samples/E/cell08-gray_6x6.png
../samples/E/cell08-gray_6x8.png
../samples/E/cell08-gray_7x2.png
../samples/E/cell08-gray_8x0.png
../samples/E/cell08-gray_8x7.png
../samples/F/cell01-gray_2x6.png
../samples/F/cell02-gray_4x6.png
../samples/F/cell04-gray_6x2.png
../samples/F/cell05-gray_7x4.png
../samples/F/cell05-gray_7x5.png
../samples/F/cell08-gray_2x6.png
../samples/F/cell08-gray_7x4.png
../samples/G/cell01-gray_8x6.png
../samples/G/cell02-gray_2x5.png
../samples/G/cell02-gray_7x3.png
../samples/G/cell02-gray_8x10.png
../samples/G/cell03-gray_4x10.png
../samples/G/cell04-gray_1x5.png
../samples/G/cell04-gray_2x0.png
../samples/G/cell05-gray_4x6.png
../samples/G/cell05-gray_5x8.png
../samples/G/cell05-gray_8x3.png
../samples/G/cell06-gray_3x6.png
../samples/G/cell06-gray_8x0.png
../samples/G/cell07-gray_6x4.png
../samples/G/cell08-gray_10x2.png
../samples/G/cell08-gray_10x7.png
../samples/G/cell08-gray_2x0.png
../samples/G/cell08-gray_9x7.png
../samples/H/cell01-gray_10x7.png
../samples/H/cell01-gray_9x6.png
../samples/H/cell02-gray_1x4.png
../samples/H/cell02-gray_5x5.png
../samples/H/cell03-gray_0x7.png
../samples/H/cell03-gray_10x7.png
../samples/H/cell04-gray_0x10.png
../samples/H/cell05-gray_5x5.png
../samples/H/cell05-gray_5x9.png
../samples/H/cell06-gray_0x6.png
../samples/H/cell06-gray_3x10.png
../samples/H/cell06-gray_5x0.png
../samples/H/cell06-gray_8x8.png
../samples/H/cell06-gray_9x0.png
../samples/H/cell07-gray_2x2.png
../samples/H/cell07-gray_5x3.png
../samples/H/cell08-gray_4x3.png
../samples/I/cell01-gray_1x0.png
../samples/I/cell01-gray_1x4.png
../samples/I/cell01-gray_2x5.png
../samples/I/cell01-gray_4x0.png
../samples/I/cell01-gray_4x8.png
../samples/I/cell01-gray_6x3.png
../samples/I/cell01-gray_7x4.png
../samples/I/cell01-gray_7x6.png
../samples/I/cell01-gray_7x8.png
../samples/I/cell02-gray_0x0.png
../samples/I/cell02-gray_4x2.png
../samples/I/cell02-gray_7x8.png
../samples/I/cell02-gray_8x2.png
../samples/I/cell03-gray_2x8.png
../samples/I/cell03-gray_5x4.png
../samples/I/cell03-gray_7x9.png
../samples/I/cell03-gray_9x10.png
../samples/I/cell03-gray_9x5.png
../samples/I/cell04-gray_1x0.png
../samples/I/cell04-gray_2x1.png
../samples/I/cell04-gray_8x10.png
../samples/I/cell04-gray_9x0.png
../samples/I/cell05-gray_0x1.png
../samples/I/cell05-gray_1x0.png
../samples/I/cell05-gray_1x7.png
../samples/I/cell05-gray_4x0.png
../samples/I/cell05-gray_7x6.png
../samples/I/cell05-gray_7x8.png
../samples/I/cell05-gray_9x5.png
../samples/I/cell06-gray_2x9.png
../samples/I/cell06-gray_3x1.png
../samples/I/cell06-gray_4x10.png
../samples/I/cell06-gray_4x2.png
../samples/I/cell06-gray_4x4.png
../samples/I/cell06-gray_6x4.png
../samples/I/cell06-gray_7x0.png
../samples/I/cell06-gray_8x4.png
../samples/I/cell06-gray_9x5.png
../samples/I/cell07-gray_3x6.png
../samples/I/cell07-gray_6x2.png
../samples/I/cell07-gray_8x6.png
../samples/I/cell07-gray_8x8.png
../samples/I/cell08-gray_0x9.png
../samples/I/cell08-gray_1x0.png
../samples/I/cell08-gray_3x4.png
../samples/I/cell08-gray_3x6.png
../samples/I/cell08-gray_5x6.png
../samples/J/cell07-gray_2x8.png
../samples/K/cell02-gray_4x4.png
../samples/K/cell04-gray_4x1.png
../samples/K/cell05-gray_10x2.png
../samples/K/cell06-gray_3x0.png
../samples/K/cell07-gray_0x7.png
../samples/K/cell07-gray_10x0.png
../samples/K/cell07-gray_4x7.png
../samples/L/cell01-gray_0x0.png
../samples/L/cell01-gray_0x4.png
../samples/L/cell01-gray_10x2.png
../samples/L/cell01-gray_10x3.png
../samples/L/cell01-gray_4x4.png
../samples/L/cell01-gray_5x5.png
../samples/L/cell01-gray_9x8.png
../samples/L/cell02-gray_3x6.png
../samples/L/cell02-gray_5x2.png
../samples/L/cell03-gray_0x9.png
../samples/L/cell03-gray_5x6.png
../samples/L/cell03-gray_6x4.png
../samples/L/cell03-gray_7x6.png
../samples/L/cell03-gray_8x10.png
../samples/L/cell03-gray_8x9.png
../samples/L/cell03-gray_9x4.png
../samples/L/cell04-gray_2x3.png
../samples/L/cell04-gray_3x7.png
../samples/L/cell04-gray_6x4.png
../samples/L/cell05-gray_7x10.png
../samples/L/cell05-gray_8x1.png
../samples/L/cell05-gray_9x8.png
../samples/L/cell06-gray_0x8.png
../samples/L/cell06-gray_0x9.png
../samples/L/cell06-gray_1x2.png
../samples/L/cell07-gray_4x4.png
../samples/L/cell07-gray_7x0.png
../samples/L/cell08-gray_2x2.png
../samples/L/cell08-gray_8x3.png
../samples/M/cell01-gray_10x9.png
../samples/M/cell01-gray_5x7.png
../samples/M/cell02-gray_1x0.png
../samples/M/cell02-gray_5x7.png
../samples/M/cell03-gray_0x3.png
../samples/M/cell04-gray_0x3.png
../samples/M/cell04-gray_4x6.png
../samples/M/cell04-gray_5x6.png
../samples/M/cell04-gray_5x7.png
../samples/M/cell06-gray_10x4.png
../samples/M/cell06-gray_10x9.png
../samples/M/cell06-gray_2x8.png
../samples/M/cell06-gray_5x2.png
../samples/M/cell07-gray_0x4.png
../samples/M/cell07-gray_3x5.png
../samples/M/cell07-gray_4x9.png
../samples/M/cell07-gray_5x10.png
../samples/O/cell01-gray_0x1.png
../samples/O/cell01-gray_1x7.png
../samples/O/cell01-gray_3x6.png
../samples/O/cell01-gray_7x9.png
../samples/O/cell01-gray_8x1.png
../samples/O/cell02-gray_1x10.png
../samples/O/cell02-gray_2x10.png
../samples/O/cell02-gray_2x6.png
../samples/O/cell02-gray_3x0.png
../samples/O/cell02-gray_5x10.png
../samples/O/cell02-gray_5x9.png
../samples/O/cell02-gray_8x3.png
../samples/O/cell02-gray_8x6.png
../samples/O/cell02-gray_9x0.png
../samples/O/cell03-gray_1x3.png
../samples/O/cell03-gray_3x1.png
../samples/O/cell03-gray_6x9.png
../samples/O/cell03-gray_8x2.png
../samples/O/cell04-gray_0x1.png
../samples/O/cell04-gray_10x1.png
../samples/O/cell04-gray_1x10.png
../samples/O/cell04-gray_3x3.png
../samples/O/cell04-gray_3x6.png
../samples/O/cell04-gray_5x5.png
../samples/O/cell04-gray_7x0.png
../samples/O/cell05-gray_0x4.png
../samples/O/cell05-gray_1x9.png
../samples/O/cell05-gray_2x1.png
../samples/O/cell05-gray_2x10.png
../samples/O/cell05-gray_3x2.png
../samples/O/cell05-gray_3x9.png
../samples/O/cell05-gray_4x2.png
../samples/O/cell05-gray_5x6.png
../samples/O/cell05-gray_6x1.png
../samples/O/cell05-gray_7x3.png
../samples/O/cell06-gray_0x10.png
../samples/O/cell06-gray_10x1.png
../samples/O/cell06-gray_1x0.png
../samples/O/cell06-gray_2x0.png
../samples/O/cell06-gray_2x5.png
../samples/O/cell06-gray_2x7.png
../samples/O/cell06-gray_6x7.png
../samples/O/cell06-gray_7x3.png
../samples/O/cell07-gray_0x9.png
../samples/O/cell07-gray_1x4.png
../samples/O/cell07-gray_3x2.png
../samples/O/cell07-gray_3x4.png
../samples/O/cell07-gray_5x4.png
../samples/O/cell07-gray_5x5.png
../samples/O/cell07-gray_6x6.png
../samples/O/cell07-gray_7x1.png
../samples/O/cell07-gray_8x9.png
../samples/O/cell07-gray_9x6.png
../samples/O/cell08-gray_4x10.png
../samples/O/cell08-gray_5x9.png
../samples/O/cell08-gray_7x9.png
../samples/P/cell01-gray_10x0.png
../samples/P/cell01-gray_3x10.png
../samples/P/cell02-gray_0x2.png
../samples/P/cell02-gray_2x0.png
../samples/P/cell02-gray_5x8.png
../samples/P/cell02-gray_6x1.png
../samples/P/cell03-gray_2x3.png
../samples/P/cell03-gray_5x1.png
../samples/P/cell03-gray_8x7.png
../samples/P/cell04-gray_8x0.png
../samples/P/cell05-gray_0x0.png
../samples/P/cell05-gray_3x4.png
../samples/P/cell05-gray_8x0.png
../samples/P/cell06-gray_10x10.png
../samples/P/cell07-gray_5x2.png
../samples/P/cell08-gray_7x0.png
../samples/Q/cell01-gray_2x0.png
../samples/Q/cell03-gray_6x0.png
../samples/R/cell01-gray_3x2.png
../samples/R/cell01-gray_4x6.png
../samples/R/cell01-gray_9x10.png
../samples/R/cell01-gray_9x4.png
../samples/R/cell02-gray_0x10.png
../samples/R/cell02-gray_10x1.png
../samples/R/cell02-gray_10x9.png
../samples/R/cell02-gray_3x8.png
../samples/R/cell02-gray_7x4.png
../samples/R/cell02-gray_8x1.png
../samples/R/cell02-gray_9x6.png
../samples/R/cell03-gray_0x0.png
../samples/R/cell03-gray_10x9.png
../samples/R/cell03-gray_2x5.png
../samples/R/cell03-gray_3x10.png
../samples/R/cell03-gray_9x0.png
../samples/R/cell04-gray_0x2.png
../samples/R/cell04-gray_0x6.png
../samples/R/cell04-gray_2x2.png
../samples/R/cell04-gray_2x8.png
../samples/R/cell04-gray_7x8.png
../samples/R/cell04-gray_8x2.png
../samples/R/cell04-gray_9x10.png
../samples/R/cell05-gray_1x8.png
../samples/R/cell06-gray_10x7.png
../samples/R/cell06-gray_1x10.png
../samples/R/cell06-gray_3x4.png
../samples/R/cell06-gray_5x6.png
../samples/R/cell07-gray_0x1.png
../samples/R/cell07-gray_10x10.png
../samples/R/cell07-gray_2x10.png
../samples/R/cell07-gray_3x9.png
../samples/R/cell07-gray_8x3.png
../samples/R/cell07-gray_9x0.png
../samples/R/cell08-gray_0x7.png
../samples/R/cell08-gray_10x3.png
../samples/R/cell08-gray_1x3.png
../samples/R/cell08-gray_2x10.png
../samples/R/cell08-gray_3x10.png
../samples/R/cell08-gray_5x4.png
../samples/R/cell08-gray_6x2.png
../samples/R/cell08-gray_9x8.png
../samples/S/cell01-gray_0x10.png
../samples/S/cell01-gray_6x6.png
../samples/S/cell01-gray_7x7.png
../samples/S/cell02-gray_0x7.png
../samples/S/cell02-gray_4x0.png
../samples/S/cell02-gray_5x4.png
../samples/S/cell03-gray_2x9.png
../samples/S/cell03-gray_3x6.png
../samples/S/cell03-gray_4x2.png
../samples/S/cell03-gray_5x0.png
../samples/S/cell03-gray_7x2.png
../samples/S/cell03-gray_9x6.png
../samples/S/cell04-gray_3x5.png
../samples/S/cell04-gray_4x10.png
../samples/S/cell04-gray_8x3.png
../samples/S/cell04-gray_9x4.png
../samples/S/cell05-gray_0x10.png
../samples/S/cell05-gray_2x3.png
../samples/S/cell06-gray_5x3.png
../samples/S/cell06-gray_9x4.png
../samples/S/cell07-gray_8x7.png
../samples/S/cell08-gray_3x3.png
../samples/S/cell08-gray_3x7.png
../samples/S/cell08-gray_6x0.png
../samples/S/cell08-gray_9x4.png
../samples/T/cell01-gray_10x6.png
../samples/T/cell01-gray_2x4.png
../samples/T/cell01-gray_3x4.png
../samples/T/cell01-gray_3x8.png
../samples/T/cell01-gray_5x10.png
../samples/T/cell01-gray_6x1.png
../samples/T/cell02-gray_0x4.png
../samples/T/cell02-gray_10x0.png
../samples/T/cell02-gray_2x3.png
../samples/T/cell02-gray_3x10.png
../samples/T/cell02-gray_7x6.png
../samples/T/cell02-gray_7x9.png
../samples/T/cell02-gray_8x0.png
../samples/T/cell03-gray_7x3.png
../samples/T/cell03-gray_9x7.png
../samples/T/cell04-gray_10x10.png
../samples/T/cell04-gray_3x9.png
../samples/T/cell04-gray_5x10.png
../samples/T/cell04-gray_6x0.png
../samples/T/cell05-gray_10x0.png
../samples/T/cell05-gray_10x10.png
../samples/T/cell05-gray_2x4.png
../samples/T/cell05-gray_2x7.png
../samples/T/cell05-gray_5x10.png
../samples/T/cell05-gray_5x4.png
../samples/T/cell05-gray_6x6.png
../samples/T/cell05-gray_9x6.png
../samples/T/cell06-gray_10x0.png
../samples/T/cell06-gray_10x2.png
../samples/T/cell06-gray_5x4.png
../samples/T/cell06-gray_6x9.png
../samples/T/cell06-gray_7x7.png
../samples/T/cell06-gray_8x10.png
../samples/T/cell06-gray_8x7.png
../samples/T/cell07-gray_0x10.png
../samples/T/cell07-gray_5x0.png
../samples/T/cell07-gray_5x8.png
../samples/T/cell07-gray_7x2.png
../samples/T/cell07-gray_7x6.png
../samples/T/cell07-gray_9x2.png
../samples/T/cell08-gray_0x3.png
../samples/T/cell08-gray_3x8.png
../samples/T/cell08-gray_7x10.png
../samples/T/cell08-gray_8x6.png
../samples/U/cell01-gray_10x1.png
../samples/U/cell01-gray_2x1.png
../samples/U/cell01-gray_3x0.png
../samples/U/cell01-gray_8x10.png
../samples/U/cell02-gray_0x3.png
../samples/U/cell02-gray_1x7.png
../samples/U/cell02-gray_3x9.png
../samples/U/cell02-gray_7x7.png
../samples/U/cell03-gray_1x0.png
../samples/U/cell03-gray_3x2.png
../samples/U/cell03-gray_7x0.png
../samples/U/cell03-gray_8x8.png
../samples/U/cell04-gray_8x4.png
../samples/U/cell05-gray_1x4.png
../samples/U/cell05-gray_4x4.png
../samples/U/cell05-gray_4x8.png
../samples/U/cell05-gray_5x7.png
../samples/U/cell05-gray_8x2.png
../samples/U/cell05-gray_9x3.png
../samples/U/cell06-gray_5x8.png
../samples/U/cell07-gray_7x4.png
../samples/U/cell07-gray_8x0.png
../samples/U/cell08-gray_1x8.png
../samples/U/cell08-gray_8x10.png
../samples/U/cell08-gray_8x4.png
../samples/V/cell01-gray_1x8.png
../samples/V/cell01-gray_7x5.png
../samples/V/cell03-gray_10x1.png
../samples/V/cell03-gray_3x4.png
../samples/V/cell04-gray_10x3.png
../samples/V/cell05-gray_10x7.png
../samples/V/cell05-gray_6x3.png
../samples/V/cell07-gray_10x8.png
../samples/V/cell07-gray_8x5.png
../samples/V/cell08-gray_8x1.png
../samples/W/cell01-gray_7x1.png
../samples/W/cell03-gray_0x6.png
../samples/W/cell04-gray_0x0.png
../samples/W/cell05-gray_3x10.png
../samples/W/cell05-gray_7x1.png
../samples/W/cell08-gray_5x10.png
../samples/X/cell02-gray_6x10.png
../samples/X/cell06-gray_9x2.png
../samples/X/cell07-gray_1x5.png
../samples/X/cell07-gray_7x8.png
../samples/Y/cell01-gray_2x7.png
../samples/Y/cell02-gray_10x3.png
../samples/Y/cell02-gray_10x6.png
../samples/Y/cell02-gray_7x10.png
../samples/Y/cell03-gray_3x0.png
../samples/Y/cell03-gray_5x10.png
../samples/Y/cell04-gray_10x5.png
../samples/Y/cell04-gray_9x7.png
../samples/Y/cell06-gray_1x3.png
../samples/Y/cell07-gray_5x1.png
../samples/Y/cell08-gray_4x1.png
../samples/Z/cell06-gray_9x6.png
