/Users/jheinnic/Git/lb_express_sandbox/python/classifier/samples/N/cell01-gray_1x10.png1 0 0 73 75
/Users/jheinnic/Git/lb_express_sandbox/python/classifier/samples/N/cell01-gray_2x3.png1 0 0 73 75
/Users/jheinnic/Git/lb_express_sandbox/python/classifier/samples/N/cell01-gray_5x9.png1 0 0 73 75
/Users/jheinnic/Git/lb_express_sandbox/python/classifier/samples/N/cell01-gray_7x10.png1 0 0 73 75
/Users/jheinnic/Git/lb_express_sandbox/python/classifier/samples/N/cell01-gray_8x0.png1 0 0 73 75
/Users/jheinnic/Git/lb_express_sandbox/python/classifier/samples/N/cell01-gray_8x2.png1 0 0 73 75
/Users/jheinnic/Git/lb_express_sandbox/python/classifier/samples/N/cell02-gray_0x1.png1 0 0 73 75
/Users/jheinnic/Git/lb_express_sandbox/python/classifier/samples/N/cell02-gray_10x10.png1 0 0 73 75
/Users/jheinnic/Git/lb_express_sandbox/python/classifier/samples/N/cell02-gray_1x8.png1 0 0 73 75
/Users/jheinnic/Git/lb_express_sandbox/python/classifier/samples/N/cell02-gray_2x2.png1 0 0 73 75
/Users/jheinnic/Git/lb_express_sandbox/python/classifier/samples/N/cell02-gray_2x7.png1 0 0 73 75
/Users/jheinnic/Git/lb_express_sandbox/python/classifier/samples/N/cell02-gray_3x4.png1 0 0 73 75
/Users/jheinnic/Git/lb_express_sandbox/python/classifier/samples/N/cell02-gray_9x3.png1 0 0 73 75
/Users/jheinnic/Git/lb_express_sandbox/python/classifier/samples/N/cell03-gray_1x1.png1 0 0 73 75
/Users/jheinnic/Git/lb_express_sandbox/python/classifier/samples/N/cell03-gray_1x10.png1 0 0 73 75
/Users/jheinnic/Git/lb_express_sandbox/python/classifier/samples/N/cell03-gray_7x1.png1 0 0 73 75
/Users/jheinnic/Git/lb_express_sandbox/python/classifier/samples/N/cell04-gray_10x2.png1 0 0 73 75
/Users/jheinnic/Git/lb_express_sandbox/python/classifier/samples/N/cell04-gray_2x10.png1 0 0 73 75
/Users/jheinnic/Git/lb_express_sandbox/python/classifier/samples/N/cell04-gray_3x1.png1 0 0 73 75
/Users/jheinnic/Git/lb_express_sandbox/python/classifier/samples/N/cell04-gray_4x3.png1 0 0 73 75
/Users/jheinnic/Git/lb_express_sandbox/python/classifier/samples/N/cell04-gray_5x9.png1 0 0 73 75
/Users/jheinnic/Git/lb_express_sandbox/python/classifier/samples/N/cell04-gray_7x6.png1 0 0 73 75
