/Users/jheinnic/Git/lb_express_sandbox/python/classifier/samples/O/cell01-gray_0x1.png1 0 0 73 75
/Users/jheinnic/Git/lb_express_sandbox/python/classifier/samples/O/cell01-gray_1x7.png1 0 0 73 75
/Users/jheinnic/Git/lb_express_sandbox/python/classifier/samples/O/cell01-gray_3x6.png1 0 0 73 75
/Users/jheinnic/Git/lb_express_sandbox/python/classifier/samples/O/cell01-gray_7x9.png1 0 0 73 75
/Users/jheinnic/Git/lb_express_sandbox/python/classifier/samples/O/cell01-gray_8x1.png1 0 0 73 75
/Users/jheinnic/Git/lb_express_sandbox/python/classifier/samples/O/cell02-gray_1x10.png1 0 0 73 75
/Users/jheinnic/Git/lb_express_sandbox/python/classifier/samples/O/cell02-gray_2x10.png1 0 0 73 75
/Users/jheinnic/Git/lb_express_sandbox/python/classifier/samples/O/cell02-gray_2x6.png1 0 0 73 75
/Users/jheinnic/Git/lb_express_sandbox/python/classifier/samples/O/cell02-gray_3x0.png1 0 0 73 75
/Users/jheinnic/Git/lb_express_sandbox/python/classifier/samples/O/cell02-gray_5x10.png1 0 0 73 75
/Users/jheinnic/Git/lb_express_sandbox/python/classifier/samples/O/cell02-gray_5x9.png1 0 0 73 75
/Users/jheinnic/Git/lb_express_sandbox/python/classifier/samples/O/cell02-gray_8x3.png1 0 0 73 75
/Users/jheinnic/Git/lb_express_sandbox/python/classifier/samples/O/cell02-gray_8x6.png1 0 0 73 75
/Users/jheinnic/Git/lb_express_sandbox/python/classifier/samples/O/cell02-gray_9x0.png1 0 0 73 75
/Users/jheinnic/Git/lb_express_sandbox/python/classifier/samples/O/cell03-gray_1x3.png1 0 0 73 75
/Users/jheinnic/Git/lb_express_sandbox/python/classifier/samples/O/cell03-gray_3x1.png1 0 0 73 75
/Users/jheinnic/Git/lb_express_sandbox/python/classifier/samples/O/cell03-gray_6x9.png1 0 0 73 75
/Users/jheinnic/Git/lb_express_sandbox/python/classifier/samples/O/cell03-gray_8x2.png1 0 0 73 75
/Users/jheinnic/Git/lb_express_sandbox/python/classifier/samples/O/cell04-gray_0x1.png1 0 0 73 75
/Users/jheinnic/Git/lb_express_sandbox/python/classifier/samples/O/cell04-gray_10x1.png1 0 0 73 75
/Users/jheinnic/Git/lb_express_sandbox/python/classifier/samples/O/cell04-gray_1x10.png1 0 0 73 75
/Users/jheinnic/Git/lb_express_sandbox/python/classifier/samples/O/cell04-gray_3x3.png1 0 0 73 75
/Users/jheinnic/Git/lb_express_sandbox/python/classifier/samples/O/cell04-gray_3x6.png1 0 0 73 75
/Users/jheinnic/Git/lb_express_sandbox/python/classifier/samples/O/cell04-gray_5x5.png1 0 0 73 75
/Users/jheinnic/Git/lb_express_sandbox/python/classifier/samples/O/cell04-gray_7x0.png1 0 0 73 75
