/Users/jheinnic/Git/lb_express_sandbox/python/classifier/samples/T/cell01-gray_10x6.png1 0 0 73 75
/Users/jheinnic/Git/lb_express_sandbox/python/classifier/samples/T/cell01-gray_2x4.png1 0 0 73 75
/Users/jheinnic/Git/lb_express_sandbox/python/classifier/samples/T/cell01-gray_3x4.png1 0 0 73 75
/Users/jheinnic/Git/lb_express_sandbox/python/classifier/samples/T/cell01-gray_3x8.png1 0 0 73 75
/Users/jheinnic/Git/lb_express_sandbox/python/classifier/samples/T/cell01-gray_5x10.png1 0 0 73 75
/Users/jheinnic/Git/lb_express_sandbox/python/classifier/samples/T/cell01-gray_6x1.png1 0 0 73 75
/Users/jheinnic/Git/lb_express_sandbox/python/classifier/samples/T/cell02-gray_0x4.png1 0 0 73 75
/Users/jheinnic/Git/lb_express_sandbox/python/classifier/samples/T/cell02-gray_10x0.png1 0 0 73 75
/Users/jheinnic/Git/lb_express_sandbox/python/classifier/samples/T/cell02-gray_2x3.png1 0 0 73 75
/Users/jheinnic/Git/lb_express_sandbox/python/classifier/samples/T/cell02-gray_3x10.png1 0 0 73 75
/Users/jheinnic/Git/lb_express_sandbox/python/classifier/samples/T/cell02-gray_7x6.png1 0 0 73 75
/Users/jheinnic/Git/lb_express_sandbox/python/classifier/samples/T/cell02-gray_7x9.png1 0 0 73 75
/Users/jheinnic/Git/lb_express_sandbox/python/classifier/samples/T/cell02-gray_8x0.png1 0 0 73 75
/Users/jheinnic/Git/lb_express_sandbox/python/classifier/samples/T/cell03-gray_7x3.png1 0 0 73 75
/Users/jheinnic/Git/lb_express_sandbox/python/classifier/samples/T/cell03-gray_9x7.png1 0 0 73 75
/Users/jheinnic/Git/lb_express_sandbox/python/classifier/samples/T/cell04-gray_10x10.png1 0 0 73 75
/Users/jheinnic/Git/lb_express_sandbox/python/classifier/samples/T/cell04-gray_3x9.png1 0 0 73 75
/Users/jheinnic/Git/lb_express_sandbox/python/classifier/samples/T/cell04-gray_5x10.png1 0 0 73 75
/Users/jheinnic/Git/lb_express_sandbox/python/classifier/samples/T/cell04-gray_6x0.png1 0 0 73 75
