/Users/jheinnic/Git/lb_express_sandbox/python/classifier/samples/U/cell01-gray_10x1.png
/Users/jheinnic/Git/lb_express_sandbox/python/classifier/samples/U/cell01-gray_2x1.png
/Users/jheinnic/Git/lb_express_sandbox/python/classifier/samples/U/cell01-gray_3x0.png
/Users/jheinnic/Git/lb_express_sandbox/python/classifier/samples/U/cell01-gray_8x10.png
/Users/jheinnic/Git/lb_express_sandbox/python/classifier/samples/U/cell02-gray_0x3.png
/Users/jheinnic/Git/lb_express_sandbox/python/classifier/samples/U/cell02-gray_1x7.png
/Users/jheinnic/Git/lb_express_sandbox/python/classifier/samples/U/cell02-gray_3x9.png
/Users/jheinnic/Git/lb_express_sandbox/python/classifier/samples/U/cell02-gray_7x7.png
/Users/jheinnic/Git/lb_express_sandbox/python/classifier/samples/U/cell03-gray_1x0.png
/Users/jheinnic/Git/lb_express_sandbox/python/classifier/samples/U/cell03-gray_3x2.png
/Users/jheinnic/Git/lb_express_sandbox/python/classifier/samples/U/cell03-gray_7x0.png
/Users/jheinnic/Git/lb_express_sandbox/python/classifier/samples/U/cell03-gray_8x8.png
/Users/jheinnic/Git/lb_express_sandbox/python/classifier/samples/U/cell04-gray_8x4.png
