/Users/jheinnic/Git/lb_express_sandbox/python/classifier/samples/U/cell01-gray_10x1.png1 0 0 73 75
/Users/jheinnic/Git/lb_express_sandbox/python/classifier/samples/U/cell01-gray_2x1.png1 0 0 73 75
/Users/jheinnic/Git/lb_express_sandbox/python/classifier/samples/U/cell01-gray_3x0.png1 0 0 73 75
/Users/jheinnic/Git/lb_express_sandbox/python/classifier/samples/U/cell01-gray_8x10.png1 0 0 73 75
/Users/jheinnic/Git/lb_express_sandbox/python/classifier/samples/U/cell02-gray_0x3.png1 0 0 73 75
/Users/jheinnic/Git/lb_express_sandbox/python/classifier/samples/U/cell02-gray_1x7.png1 0 0 73 75
/Users/jheinnic/Git/lb_express_sandbox/python/classifier/samples/U/cell02-gray_3x9.png1 0 0 73 75
/Users/jheinnic/Git/lb_express_sandbox/python/classifier/samples/U/cell02-gray_7x7.png1 0 0 73 75
/Users/jheinnic/Git/lb_express_sandbox/python/classifier/samples/U/cell03-gray_1x0.png1 0 0 73 75
/Users/jheinnic/Git/lb_express_sandbox/python/classifier/samples/U/cell03-gray_3x2.png1 0 0 73 75
/Users/jheinnic/Git/lb_express_sandbox/python/classifier/samples/U/cell03-gray_7x0.png1 0 0 73 75
/Users/jheinnic/Git/lb_express_sandbox/python/classifier/samples/U/cell03-gray_8x8.png1 0 0 73 75
/Users/jheinnic/Git/lb_express_sandbox/python/classifier/samples/U/cell04-gray_8x4.png1 0 0 73 75
