/Users/jheinnic/Git/lb_express_sandbox/python/classifier/samples/C/cell01-gray_0x2.png 1 0 0 73 75
/Users/jheinnic/Git/lb_express_sandbox/python/classifier/samples/C/cell01-gray_9x5.png 1 0 0 73 75
/Users/jheinnic/Git/lb_express_sandbox/python/classifier/samples/C/cell02-gray_6x6.png 1 0 0 73 75
/Users/jheinnic/Git/lb_express_sandbox/python/classifier/samples/C/cell03-gray_5x3.png 1 0 0 73 75
/Users/jheinnic/Git/lb_express_sandbox/python/classifier/samples/C/cell04-gray_0x9.png 1 0 0 73 75
/Users/jheinnic/Git/lb_express_sandbox/python/classifier/samples/C/cell04-gray_10x0.png 1 0 0 73 75
/Users/jheinnic/Git/lb_express_sandbox/python/classifier/samples/C/cell04-gray_1x8.png 1 0 0 73 75
/Users/jheinnic/Git/lb_express_sandbox/python/classifier/samples/C/cell04-gray_2x6.png 1 0 0 73 75
/Users/jheinnic/Git/lb_express_sandbox/python/classifier/samples/C/cell04-gray_5x4.png 1 0 0 73 75
/Users/jheinnic/Git/lb_express_sandbox/python/classifier/samples/C/cell05-gray_2x0.png 1 0 0 73 75
/Users/jheinnic/Git/lb_express_sandbox/python/classifier/samples/C/cell05-gray_5x0.png 1 0 0 73 75
/Users/jheinnic/Git/lb_express_sandbox/python/classifier/samples/C/cell05-gray_7x7.png 1 0 0 73 75
/Users/jheinnic/Git/lb_express_sandbox/python/classifier/samples/C/cell06-gray_2x10.png 1 0 0 73 75
/Users/jheinnic/Git/lb_express_sandbox/python/classifier/samples/C/cell06-gray_2x4.png 1 0 0 73 75
/Users/jheinnic/Git/lb_express_sandbox/python/classifier/samples/C/cell06-gray_7x4.png 1 0 0 73 75
/Users/jheinnic/Git/lb_express_sandbox/python/classifier/samples/C/cell07-gray_1x2.png 1 0 0 73 75
/Users/jheinnic/Git/lb_express_sandbox/python/classifier/samples/C/cell07-gray_2x0.png 1 0 0 73 75
/Users/jheinnic/Git/lb_express_sandbox/python/classifier/samples/C/cell07-gray_3x1.png 1 0 0 73 75
/Users/jheinnic/Git/lb_express_sandbox/python/classifier/samples/C/cell07-gray_3x7.png 1 0 0 73 75
/Users/jheinnic/Git/lb_express_sandbox/python/classifier/samples/C/cell08-gray_1x5.png 1 0 0 73 75
/Users/jheinnic/Git/lb_express_sandbox/python/classifier/samples/C/cell08-gray_4x6.png 1 0 0 73 75
