/Users/jheinnic/Git/lb_express_sandbox/python/classifier/samples/H/cell01-gray_10x7.png 1 0 0 73 75
/Users/jheinnic/Git/lb_express_sandbox/python/classifier/samples/H/cell01-gray_9x6.png 1 0 0 73 75
/Users/jheinnic/Git/lb_express_sandbox/python/classifier/samples/H/cell02-gray_1x4.png 1 0 0 73 75
/Users/jheinnic/Git/lb_express_sandbox/python/classifier/samples/H/cell02-gray_5x5.png 1 0 0 73 75
/Users/jheinnic/Git/lb_express_sandbox/python/classifier/samples/H/cell03-gray_0x7.png 1 0 0 73 75
/Users/jheinnic/Git/lb_express_sandbox/python/classifier/samples/H/cell03-gray_10x7.png 1 0 0 73 75
/Users/jheinnic/Git/lb_express_sandbox/python/classifier/samples/H/cell04-gray_0x10.png 1 0 0 73 75
/Users/jheinnic/Git/lb_express_sandbox/python/classifier/samples/H/cell05-gray_5x5.png 1 0 0 73 75
/Users/jheinnic/Git/lb_express_sandbox/python/classifier/samples/H/cell05-gray_5x9.png 1 0 0 73 75
/Users/jheinnic/Git/lb_express_sandbox/python/classifier/samples/H/cell06-gray_0x6.png 1 0 0 73 75
/Users/jheinnic/Git/lb_express_sandbox/python/classifier/samples/H/cell06-gray_3x10.png 1 0 0 73 75
/Users/jheinnic/Git/lb_express_sandbox/python/classifier/samples/H/cell06-gray_5x0.png 1 0 0 73 75
/Users/jheinnic/Git/lb_express_sandbox/python/classifier/samples/H/cell06-gray_8x8.png 1 0 0 73 75
/Users/jheinnic/Git/lb_express_sandbox/python/classifier/samples/H/cell06-gray_9x0.png 1 0 0 73 75
/Users/jheinnic/Git/lb_express_sandbox/python/classifier/samples/H/cell07-gray_2x2.png 1 0 0 73 75
/Users/jheinnic/Git/lb_express_sandbox/python/classifier/samples/H/cell07-gray_5x3.png 1 0 0 73 75
/Users/jheinnic/Git/lb_express_sandbox/python/classifier/samples/H/cell08-gray_4x3.png 1 0 0 73 75
