/Users/jheinnic/Git/lb_express_sandbox/python/classifier/samples/I/cell01-gray_1x0.png
/Users/jheinnic/Git/lb_express_sandbox/python/classifier/samples/I/cell01-gray_1x4.png
/Users/jheinnic/Git/lb_express_sandbox/python/classifier/samples/I/cell01-gray_2x5.png
/Users/jheinnic/Git/lb_express_sandbox/python/classifier/samples/I/cell01-gray_4x0.png
/Users/jheinnic/Git/lb_express_sandbox/python/classifier/samples/I/cell01-gray_4x8.png
/Users/jheinnic/Git/lb_express_sandbox/python/classifier/samples/I/cell01-gray_6x3.png
/Users/jheinnic/Git/lb_express_sandbox/python/classifier/samples/I/cell01-gray_7x4.png
/Users/jheinnic/Git/lb_express_sandbox/python/classifier/samples/I/cell01-gray_7x6.png
/Users/jheinnic/Git/lb_express_sandbox/python/classifier/samples/I/cell01-gray_7x8.png
/Users/jheinnic/Git/lb_express_sandbox/python/classifier/samples/I/cell02-gray_0x0.png
/Users/jheinnic/Git/lb_express_sandbox/python/classifier/samples/I/cell02-gray_4x2.png
/Users/jheinnic/Git/lb_express_sandbox/python/classifier/samples/I/cell02-gray_7x8.png
/Users/jheinnic/Git/lb_express_sandbox/python/classifier/samples/I/cell02-gray_8x2.png
/Users/jheinnic/Git/lb_express_sandbox/python/classifier/samples/I/cell03-gray_2x8.png
/Users/jheinnic/Git/lb_express_sandbox/python/classifier/samples/I/cell03-gray_5x4.png
/Users/jheinnic/Git/lb_express_sandbox/python/classifier/samples/I/cell03-gray_7x9.png
/Users/jheinnic/Git/lb_express_sandbox/python/classifier/samples/I/cell03-gray_9x10.png
/Users/jheinnic/Git/lb_express_sandbox/python/classifier/samples/I/cell03-gray_9x5.png
/Users/jheinnic/Git/lb_express_sandbox/python/classifier/samples/I/cell04-gray_1x0.png
/Users/jheinnic/Git/lb_express_sandbox/python/classifier/samples/I/cell04-gray_2x1.png
/Users/jheinnic/Git/lb_express_sandbox/python/classifier/samples/I/cell04-gray_8x10.png
/Users/jheinnic/Git/lb_express_sandbox/python/classifier/samples/I/cell04-gray_9x0.png
/Users/jheinnic/Git/lb_express_sandbox/python/classifier/samples/I/cell05-gray_0x1.png
/Users/jheinnic/Git/lb_express_sandbox/python/classifier/samples/I/cell05-gray_1x0.png
/Users/jheinnic/Git/lb_express_sandbox/python/classifier/samples/I/cell05-gray_1x7.png
/Users/jheinnic/Git/lb_express_sandbox/python/classifier/samples/I/cell05-gray_4x0.png
/Users/jheinnic/Git/lb_express_sandbox/python/classifier/samples/I/cell05-gray_7x6.png
/Users/jheinnic/Git/lb_express_sandbox/python/classifier/samples/I/cell05-gray_7x8.png
/Users/jheinnic/Git/lb_express_sandbox/python/classifier/samples/I/cell05-gray_9x5.png
/Users/jheinnic/Git/lb_express_sandbox/python/classifier/samples/I/cell06-gray_2x9.png
/Users/jheinnic/Git/lb_express_sandbox/python/classifier/samples/I/cell06-gray_3x1.png
/Users/jheinnic/Git/lb_express_sandbox/python/classifier/samples/I/cell06-gray_4x10.png
/Users/jheinnic/Git/lb_express_sandbox/python/classifier/samples/I/cell06-gray_4x2.png
/Users/jheinnic/Git/lb_express_sandbox/python/classifier/samples/I/cell06-gray_4x4.png
/Users/jheinnic/Git/lb_express_sandbox/python/classifier/samples/I/cell06-gray_6x4.png
/Users/jheinnic/Git/lb_express_sandbox/python/classifier/samples/I/cell06-gray_7x0.png
/Users/jheinnic/Git/lb_express_sandbox/python/classifier/samples/I/cell06-gray_8x4.png
/Users/jheinnic/Git/lb_express_sandbox/python/classifier/samples/I/cell06-gray_9x5.png
/Users/jheinnic/Git/lb_express_sandbox/python/classifier/samples/I/cell07-gray_3x6.png
/Users/jheinnic/Git/lb_express_sandbox/python/classifier/samples/I/cell07-gray_6x2.png
/Users/jheinnic/Git/lb_express_sandbox/python/classifier/samples/I/cell07-gray_8x6.png
/Users/jheinnic/Git/lb_express_sandbox/python/classifier/samples/I/cell07-gray_8x8.png
/Users/jheinnic/Git/lb_express_sandbox/python/classifier/samples/I/cell08-gray_0x9.png
/Users/jheinnic/Git/lb_express_sandbox/python/classifier/samples/I/cell08-gray_1x0.png
/Users/jheinnic/Git/lb_express_sandbox/python/classifier/samples/I/cell08-gray_3x4.png
/Users/jheinnic/Git/lb_express_sandbox/python/classifier/samples/I/cell08-gray_3x6.png
/Users/jheinnic/Git/lb_express_sandbox/python/classifier/samples/I/cell08-gray_5x6.png
