/Users/jheinnic/Git/lb_express_sandbox/python/classifier/samples/L/cell01-gray_0x0.png
/Users/jheinnic/Git/lb_express_sandbox/python/classifier/samples/L/cell01-gray_0x4.png
/Users/jheinnic/Git/lb_express_sandbox/python/classifier/samples/L/cell01-gray_10x2.png
/Users/jheinnic/Git/lb_express_sandbox/python/classifier/samples/L/cell01-gray_10x3.png
/Users/jheinnic/Git/lb_express_sandbox/python/classifier/samples/L/cell01-gray_4x4.png
/Users/jheinnic/Git/lb_express_sandbox/python/classifier/samples/L/cell01-gray_5x5.png
/Users/jheinnic/Git/lb_express_sandbox/python/classifier/samples/L/cell01-gray_9x8.png
/Users/jheinnic/Git/lb_express_sandbox/python/classifier/samples/L/cell02-gray_3x6.png
/Users/jheinnic/Git/lb_express_sandbox/python/classifier/samples/L/cell02-gray_5x2.png
/Users/jheinnic/Git/lb_express_sandbox/python/classifier/samples/L/cell03-gray_0x9.png
/Users/jheinnic/Git/lb_express_sandbox/python/classifier/samples/L/cell03-gray_5x6.png
/Users/jheinnic/Git/lb_express_sandbox/python/classifier/samples/L/cell03-gray_6x4.png
/Users/jheinnic/Git/lb_express_sandbox/python/classifier/samples/L/cell03-gray_7x6.png
/Users/jheinnic/Git/lb_express_sandbox/python/classifier/samples/L/cell03-gray_8x10.png
/Users/jheinnic/Git/lb_express_sandbox/python/classifier/samples/L/cell03-gray_8x9.png
/Users/jheinnic/Git/lb_express_sandbox/python/classifier/samples/L/cell03-gray_9x4.png
/Users/jheinnic/Git/lb_express_sandbox/python/classifier/samples/L/cell04-gray_2x3.png
/Users/jheinnic/Git/lb_express_sandbox/python/classifier/samples/L/cell04-gray_3x7.png
/Users/jheinnic/Git/lb_express_sandbox/python/classifier/samples/L/cell04-gray_6x4.png
/Users/jheinnic/Git/lb_express_sandbox/python/classifier/samples/L/cell05-gray_7x10.png
/Users/jheinnic/Git/lb_express_sandbox/python/classifier/samples/L/cell05-gray_8x1.png
/Users/jheinnic/Git/lb_express_sandbox/python/classifier/samples/L/cell05-gray_9x8.png
/Users/jheinnic/Git/lb_express_sandbox/python/classifier/samples/L/cell06-gray_0x8.png
/Users/jheinnic/Git/lb_express_sandbox/python/classifier/samples/L/cell06-gray_0x9.png
/Users/jheinnic/Git/lb_express_sandbox/python/classifier/samples/L/cell06-gray_1x2.png
/Users/jheinnic/Git/lb_express_sandbox/python/classifier/samples/L/cell07-gray_4x4.png
/Users/jheinnic/Git/lb_express_sandbox/python/classifier/samples/L/cell07-gray_7x0.png
/Users/jheinnic/Git/lb_express_sandbox/python/classifier/samples/L/cell08-gray_2x2.png
/Users/jheinnic/Git/lb_express_sandbox/python/classifier/samples/L/cell08-gray_8x3.png
