/Users/jheinnic/Git/lb_express_sandbox/python/classifier/samples/M/cell01-gray_10x9.png
/Users/jheinnic/Git/lb_express_sandbox/python/classifier/samples/M/cell01-gray_5x7.png
/Users/jheinnic/Git/lb_express_sandbox/python/classifier/samples/M/cell02-gray_1x0.png
/Users/jheinnic/Git/lb_express_sandbox/python/classifier/samples/M/cell02-gray_5x7.png
/Users/jheinnic/Git/lb_express_sandbox/python/classifier/samples/M/cell03-gray_0x3.png
/Users/jheinnic/Git/lb_express_sandbox/python/classifier/samples/M/cell04-gray_0x3.png
/Users/jheinnic/Git/lb_express_sandbox/python/classifier/samples/M/cell04-gray_4x6.png
/Users/jheinnic/Git/lb_express_sandbox/python/classifier/samples/M/cell04-gray_5x6.png
/Users/jheinnic/Git/lb_express_sandbox/python/classifier/samples/M/cell04-gray_5x7.png
/Users/jheinnic/Git/lb_express_sandbox/python/classifier/samples/M/cell06-gray_10x4.png
/Users/jheinnic/Git/lb_express_sandbox/python/classifier/samples/M/cell06-gray_10x9.png
/Users/jheinnic/Git/lb_express_sandbox/python/classifier/samples/M/cell06-gray_2x8.png
/Users/jheinnic/Git/lb_express_sandbox/python/classifier/samples/M/cell06-gray_5x2.png
/Users/jheinnic/Git/lb_express_sandbox/python/classifier/samples/M/cell07-gray_0x4.png
/Users/jheinnic/Git/lb_express_sandbox/python/classifier/samples/M/cell07-gray_3x5.png
/Users/jheinnic/Git/lb_express_sandbox/python/classifier/samples/M/cell07-gray_4x9.png
/Users/jheinnic/Git/lb_express_sandbox/python/classifier/samples/M/cell07-gray_5x10.png
