cell02-gray_0x5.png
cell02-gray_0x6.png
cell02-gray_0x8.png
cell02-gray_0x9.png
cell02-gray_10x4.png
cell02-gray_10x5.png
cell02-gray_1x1.png
cell02-gray_1x2.png
cell02-gray_1x3.png
cell02-gray_1x5.png
cell02-gray_1x6.png
cell02-gray_2x8.png
cell02-gray_2x9.png
cell02-gray_3x1.png
cell02-gray_3x3.png
cell02-gray_3x5.png
cell02-gray_3x7.png
cell02-gray_4x1.png
cell02-gray_4x10.png
cell02-gray_4x3.png
cell02-gray_4x5.png
cell02-gray_4x7.png
cell02-gray_4x9.png
cell02-gray_5x1.png
cell02-gray_5x3.png
cell02-gray_6x0.png
cell02-gray_6x2.png
cell02-gray_6x4.png
cell02-gray_6x5.png
cell02-gray_6x7.png
cell02-gray_6x8.png
cell02-gray_6x9.png
cell02-gray_7x0.png
cell02-gray_7x2.png
cell02-gray_8x4.png
cell02-gray_8x5.png
cell02-gray_8x7.png
cell02-gray_8x9.png
cell02-gray_9x1.png
cell02-gray_9x2.png
cell02-gray_9x7.png
cell02-gray_9x9.png
cell03-gray_0x1.png
cell03-gray_0x2.png
cell03-gray_0x4.png
cell03-gray_0x5.png
cell03-gray_10x5.png
cell03-gray_10x6.png
cell03-gray_1x4.png
cell03-gray_1x5.png
cell03-gray_1x7.png
cell03-gray_1x8.png
cell03-gray_1x9.png
cell03-gray_2x1.png
cell03-gray_2x2.png
cell03-gray_3x3.png
cell03-gray_3x5.png
cell03-gray_3x7.png
cell03-gray_3x9.png
cell03-gray_4x0.png
cell03-gray_4x1.png
cell03-gray_4x3.png
cell03-gray_4x7.png
cell03-gray_4x9.png
cell03-gray_5x9.png
cell03-gray_6x1.png
cell03-gray_6x10.png
cell03-gray_6x2.png
cell03-gray_6x3.png
cell03-gray_6x5.png
cell03-gray_6x6.png
cell03-gray_6x8.png
cell03-gray_7x10.png
cell03-gray_7x8.png
cell03-gray_8x1.png
cell03-gray_8x3.png
cell03-gray_8x5.png
cell03-gray_8x6.png
cell03-gray_9x1.png
cell03-gray_9x3.png
cell03-gray_9x8.png
cell03-gray_9x9.png
cell03-thresh24_8x6.png
cell04-gray_0x4.png
cell04-gray_0x5.png
cell04-gray_10x6.png
cell04-gray_10x8.png
cell04-gray_10x9.png
cell04-gray_1x1.png
cell04-gray_1x2.png
cell04-gray_1x7.png
cell04-gray_1x9.png
cell04-gray_2x4.png
cell04-gray_2x5.png
cell04-gray_2x7.png
cell04-gray_2x9.png
cell04-gray_3x0.png
cell04-gray_3x2.png
cell04-gray_4x0.png
cell04-gray_4x2.png
cell04-gray_4x4.png
cell04-gray_4x5.png
cell04-gray_4x7.png
cell04-gray_4x8.png
cell04-gray_4x9.png
cell04-gray_5x0.png
cell04-gray_5x1.png
cell04-gray_5x3.png
cell04-gray_6x1.png
cell04-gray_6x10.png
cell04-gray_6x3.png
cell04-gray_6x5.png
cell04-gray_6x7.png
cell04-gray_6x9.png
cell04-gray_7x1.png
cell04-gray_7x3.png
cell04-gray_7x5.png
cell04-gray_7x7.png
cell04-gray_9x2.png
cell04-gray_9x3.png
cell04-gray_9x5.png
cell04-gray_9x6.png
