/Users/jheinnic/Git/lb_express_sandbox/python/classifier/samples/O/cell01-gray_0x1.png
/Users/jheinnic/Git/lb_express_sandbox/python/classifier/samples/O/cell01-gray_1x7.png
/Users/jheinnic/Git/lb_express_sandbox/python/classifier/samples/O/cell01-gray_3x6.png
/Users/jheinnic/Git/lb_express_sandbox/python/classifier/samples/O/cell01-gray_7x9.png
/Users/jheinnic/Git/lb_express_sandbox/python/classifier/samples/O/cell01-gray_8x1.png
/Users/jheinnic/Git/lb_express_sandbox/python/classifier/samples/O/cell02-gray_1x10.png
/Users/jheinnic/Git/lb_express_sandbox/python/classifier/samples/O/cell02-gray_2x10.png
/Users/jheinnic/Git/lb_express_sandbox/python/classifier/samples/O/cell02-gray_2x6.png
/Users/jheinnic/Git/lb_express_sandbox/python/classifier/samples/O/cell02-gray_3x0.png
/Users/jheinnic/Git/lb_express_sandbox/python/classifier/samples/O/cell02-gray_5x10.png
/Users/jheinnic/Git/lb_express_sandbox/python/classifier/samples/O/cell02-gray_5x9.png
/Users/jheinnic/Git/lb_express_sandbox/python/classifier/samples/O/cell02-gray_8x3.png
/Users/jheinnic/Git/lb_express_sandbox/python/classifier/samples/O/cell02-gray_8x6.png
/Users/jheinnic/Git/lb_express_sandbox/python/classifier/samples/O/cell02-gray_9x0.png
/Users/jheinnic/Git/lb_express_sandbox/python/classifier/samples/O/cell03-gray_1x3.png
/Users/jheinnic/Git/lb_express_sandbox/python/classifier/samples/O/cell03-gray_3x1.png
/Users/jheinnic/Git/lb_express_sandbox/python/classifier/samples/O/cell03-gray_6x9.png
/Users/jheinnic/Git/lb_express_sandbox/python/classifier/samples/O/cell03-gray_8x2.png
/Users/jheinnic/Git/lb_express_sandbox/python/classifier/samples/O/cell04-gray_0x1.png
/Users/jheinnic/Git/lb_express_sandbox/python/classifier/samples/O/cell04-gray_10x1.png
/Users/jheinnic/Git/lb_express_sandbox/python/classifier/samples/O/cell04-gray_1x10.png
/Users/jheinnic/Git/lb_express_sandbox/python/classifier/samples/O/cell04-gray_3x3.png
/Users/jheinnic/Git/lb_express_sandbox/python/classifier/samples/O/cell04-gray_3x6.png
/Users/jheinnic/Git/lb_express_sandbox/python/classifier/samples/O/cell04-gray_5x5.png
/Users/jheinnic/Git/lb_express_sandbox/python/classifier/samples/O/cell04-gray_7x0.png
/Users/jheinnic/Git/lb_express_sandbox/python/classifier/samples/O/cell05-gray_0x4.png
/Users/jheinnic/Git/lb_express_sandbox/python/classifier/samples/O/cell05-gray_1x9.png
/Users/jheinnic/Git/lb_express_sandbox/python/classifier/samples/O/cell05-gray_2x1.png
/Users/jheinnic/Git/lb_express_sandbox/python/classifier/samples/O/cell05-gray_2x10.png
/Users/jheinnic/Git/lb_express_sandbox/python/classifier/samples/O/cell05-gray_3x2.png
/Users/jheinnic/Git/lb_express_sandbox/python/classifier/samples/O/cell05-gray_3x9.png
/Users/jheinnic/Git/lb_express_sandbox/python/classifier/samples/O/cell05-gray_4x2.png
/Users/jheinnic/Git/lb_express_sandbox/python/classifier/samples/O/cell05-gray_5x6.png
/Users/jheinnic/Git/lb_express_sandbox/python/classifier/samples/O/cell05-gray_6x1.png
/Users/jheinnic/Git/lb_express_sandbox/python/classifier/samples/O/cell05-gray_7x3.png
/Users/jheinnic/Git/lb_express_sandbox/python/classifier/samples/O/cell06-gray_0x10.png
/Users/jheinnic/Git/lb_express_sandbox/python/classifier/samples/O/cell06-gray_10x1.png
/Users/jheinnic/Git/lb_express_sandbox/python/classifier/samples/O/cell06-gray_1x0.png
/Users/jheinnic/Git/lb_express_sandbox/python/classifier/samples/O/cell06-gray_2x0.png
/Users/jheinnic/Git/lb_express_sandbox/python/classifier/samples/O/cell06-gray_2x5.png
/Users/jheinnic/Git/lb_express_sandbox/python/classifier/samples/O/cell06-gray_2x7.png
/Users/jheinnic/Git/lb_express_sandbox/python/classifier/samples/O/cell06-gray_6x7.png
/Users/jheinnic/Git/lb_express_sandbox/python/classifier/samples/O/cell06-gray_7x3.png
/Users/jheinnic/Git/lb_express_sandbox/python/classifier/samples/O/cell07-gray_0x9.png
/Users/jheinnic/Git/lb_express_sandbox/python/classifier/samples/O/cell07-gray_1x4.png
/Users/jheinnic/Git/lb_express_sandbox/python/classifier/samples/O/cell07-gray_3x2.png
/Users/jheinnic/Git/lb_express_sandbox/python/classifier/samples/O/cell07-gray_3x4.png
/Users/jheinnic/Git/lb_express_sandbox/python/classifier/samples/O/cell07-gray_5x4.png
/Users/jheinnic/Git/lb_express_sandbox/python/classifier/samples/O/cell07-gray_5x5.png
/Users/jheinnic/Git/lb_express_sandbox/python/classifier/samples/O/cell07-gray_6x6.png
/Users/jheinnic/Git/lb_express_sandbox/python/classifier/samples/O/cell07-gray_7x1.png
/Users/jheinnic/Git/lb_express_sandbox/python/classifier/samples/O/cell07-gray_8x9.png
/Users/jheinnic/Git/lb_express_sandbox/python/classifier/samples/O/cell07-gray_9x6.png
/Users/jheinnic/Git/lb_express_sandbox/python/classifier/samples/O/cell08-gray_4x10.png
/Users/jheinnic/Git/lb_express_sandbox/python/classifier/samples/O/cell08-gray_5x9.png
/Users/jheinnic/Git/lb_express_sandbox/python/classifier/samples/O/cell08-gray_7x9.png
