/Users/jheinnic/Git/lb_express_sandbox/python/classifier/samples/P/cell01-gray_10x0.png
/Users/jheinnic/Git/lb_express_sandbox/python/classifier/samples/P/cell01-gray_3x10.png
/Users/jheinnic/Git/lb_express_sandbox/python/classifier/samples/P/cell02-gray_0x2.png
/Users/jheinnic/Git/lb_express_sandbox/python/classifier/samples/P/cell02-gray_2x0.png
/Users/jheinnic/Git/lb_express_sandbox/python/classifier/samples/P/cell02-gray_5x8.png
/Users/jheinnic/Git/lb_express_sandbox/python/classifier/samples/P/cell02-gray_6x1.png
/Users/jheinnic/Git/lb_express_sandbox/python/classifier/samples/P/cell03-gray_2x3.png
/Users/jheinnic/Git/lb_express_sandbox/python/classifier/samples/P/cell03-gray_5x1.png
/Users/jheinnic/Git/lb_express_sandbox/python/classifier/samples/P/cell03-gray_8x7.png
/Users/jheinnic/Git/lb_express_sandbox/python/classifier/samples/P/cell04-gray_8x0.png
/Users/jheinnic/Git/lb_express_sandbox/python/classifier/samples/P/cell05-gray_0x0.png
/Users/jheinnic/Git/lb_express_sandbox/python/classifier/samples/P/cell05-gray_3x4.png
/Users/jheinnic/Git/lb_express_sandbox/python/classifier/samples/P/cell05-gray_8x0.png
/Users/jheinnic/Git/lb_express_sandbox/python/classifier/samples/P/cell06-gray_10x10.png
/Users/jheinnic/Git/lb_express_sandbox/python/classifier/samples/P/cell07-gray_5x2.png
/Users/jheinnic/Git/lb_express_sandbox/python/classifier/samples/P/cell08-gray_7x0.png
