/Users/jheinnic/Git/lb_express_sandbox/python/classifier/samples/T/cell01-gray_10x6.png
/Users/jheinnic/Git/lb_express_sandbox/python/classifier/samples/T/cell01-gray_2x4.png
/Users/jheinnic/Git/lb_express_sandbox/python/classifier/samples/T/cell01-gray_3x4.png
/Users/jheinnic/Git/lb_express_sandbox/python/classifier/samples/T/cell01-gray_3x8.png
/Users/jheinnic/Git/lb_express_sandbox/python/classifier/samples/T/cell01-gray_5x10.png
/Users/jheinnic/Git/lb_express_sandbox/python/classifier/samples/T/cell01-gray_6x1.png
/Users/jheinnic/Git/lb_express_sandbox/python/classifier/samples/T/cell02-gray_0x4.png
/Users/jheinnic/Git/lb_express_sandbox/python/classifier/samples/T/cell02-gray_10x0.png
/Users/jheinnic/Git/lb_express_sandbox/python/classifier/samples/T/cell02-gray_2x3.png
/Users/jheinnic/Git/lb_express_sandbox/python/classifier/samples/T/cell02-gray_3x10.png
/Users/jheinnic/Git/lb_express_sandbox/python/classifier/samples/T/cell02-gray_7x6.png
/Users/jheinnic/Git/lb_express_sandbox/python/classifier/samples/T/cell02-gray_7x9.png
/Users/jheinnic/Git/lb_express_sandbox/python/classifier/samples/T/cell02-gray_8x0.png
/Users/jheinnic/Git/lb_express_sandbox/python/classifier/samples/T/cell03-gray_7x3.png
/Users/jheinnic/Git/lb_express_sandbox/python/classifier/samples/T/cell03-gray_9x7.png
/Users/jheinnic/Git/lb_express_sandbox/python/classifier/samples/T/cell04-gray_10x10.png
/Users/jheinnic/Git/lb_express_sandbox/python/classifier/samples/T/cell04-gray_3x9.png
/Users/jheinnic/Git/lb_express_sandbox/python/classifier/samples/T/cell04-gray_5x10.png
/Users/jheinnic/Git/lb_express_sandbox/python/classifier/samples/T/cell04-gray_6x0.png
/Users/jheinnic/Git/lb_express_sandbox/python/classifier/samples/T/cell05-gray_10x0.png
/Users/jheinnic/Git/lb_express_sandbox/python/classifier/samples/T/cell05-gray_10x10.png
/Users/jheinnic/Git/lb_express_sandbox/python/classifier/samples/T/cell05-gray_2x4.png
/Users/jheinnic/Git/lb_express_sandbox/python/classifier/samples/T/cell05-gray_2x7.png
/Users/jheinnic/Git/lb_express_sandbox/python/classifier/samples/T/cell05-gray_5x10.png
/Users/jheinnic/Git/lb_express_sandbox/python/classifier/samples/T/cell05-gray_5x4.png
/Users/jheinnic/Git/lb_express_sandbox/python/classifier/samples/T/cell05-gray_6x6.png
/Users/jheinnic/Git/lb_express_sandbox/python/classifier/samples/T/cell05-gray_9x6.png
/Users/jheinnic/Git/lb_express_sandbox/python/classifier/samples/T/cell06-gray_10x0.png
/Users/jheinnic/Git/lb_express_sandbox/python/classifier/samples/T/cell06-gray_10x2.png
/Users/jheinnic/Git/lb_express_sandbox/python/classifier/samples/T/cell06-gray_5x4.png
/Users/jheinnic/Git/lb_express_sandbox/python/classifier/samples/T/cell06-gray_6x9.png
/Users/jheinnic/Git/lb_express_sandbox/python/classifier/samples/T/cell06-gray_7x7.png
/Users/jheinnic/Git/lb_express_sandbox/python/classifier/samples/T/cell06-gray_8x10.png
/Users/jheinnic/Git/lb_express_sandbox/python/classifier/samples/T/cell06-gray_8x7.png
/Users/jheinnic/Git/lb_express_sandbox/python/classifier/samples/T/cell07-gray_0x10.png
/Users/jheinnic/Git/lb_express_sandbox/python/classifier/samples/T/cell07-gray_5x0.png
/Users/jheinnic/Git/lb_express_sandbox/python/classifier/samples/T/cell07-gray_5x8.png
/Users/jheinnic/Git/lb_express_sandbox/python/classifier/samples/T/cell07-gray_7x2.png
/Users/jheinnic/Git/lb_express_sandbox/python/classifier/samples/T/cell07-gray_7x6.png
/Users/jheinnic/Git/lb_express_sandbox/python/classifier/samples/T/cell07-gray_9x2.png
/Users/jheinnic/Git/lb_express_sandbox/python/classifier/samples/T/cell08-gray_0x3.png
/Users/jheinnic/Git/lb_express_sandbox/python/classifier/samples/T/cell08-gray_3x8.png
/Users/jheinnic/Git/lb_express_sandbox/python/classifier/samples/T/cell08-gray_7x10.png
/Users/jheinnic/Git/lb_express_sandbox/python/classifier/samples/T/cell08-gray_8x6.png
